ASxxxx Linker V03.00 + NoICE + sdld,  page 1.
Hexadecimal  [32-Bits]

Area                                    Addr        Size        Decimal Bytes (Attributes)
--------------------------------        ----        ----        ------- ----- ------------
.  .ABS.                            00000000    00000000 =           0. bytes (ABS,CON)

      Value  Global                              Global Defined In Module
      -----  --------------------------------   ------------------------
     00000000  .__.ABS.                           HW_INIT
     00000000  l_DATA                          
     00000000  l_DATA2                         
     00000000  l_SSEG                          
     00000000  l__CODE                         
     00000000  s_DATA1                         
     00000000  s_DATA2                         
     00000000  s_DATA3                         
     00000000  s_SSEG                          
     00000000  s_SSEG0                         
     00000000  s__CODE                         
     00000001  s_DATA                          
     00000080  l_HOME                          
     00000080  l_SSEG0                         
     00000092  l_DATA1                         
     00000EA6  l_DATA3                         
     000014B5  l_CODE                          
     00008000  s_HOME                          
     00008080  s_CODE                          

ASxxxx Linker V03.00 + NoICE + sdld,  page 2.
Hexadecimal  [32-Bits]

Area                                    Addr        Size        Decimal Bytes (Attributes)
--------------------------------        ----        ----        ------- ----- ------------
SSEG0                               00000000    00000080 =         128. bytes (ABS,CON)

      Value  Global                              Global Defined In Module
      -----  --------------------------------   ------------------------
     00001780  stack_full                         HW_INIT

ASxxxx Linker V03.00 + NoICE + sdld,  page 3.
Hexadecimal  [32-Bits]

Area                                    Addr        Size        Decimal Bytes (Attributes)
--------------------------------        ----        ----        ------- ----- ------------
HOME                                00008000    00000080 =         128. bytes (REL,CON)

      Value  Global                              Global Defined In Module
      -----  --------------------------------   ------------------------
ASxxxx Linker V03.00 + NoICE + sdld,  page 4.
Hexadecimal  [32-Bits]

Area                                    Addr        Size        Decimal Bytes (Attributes)
--------------------------------        ----        ----        ------- ----- ------------
DATA1                               00000000    00000092 =         146. bytes (ABS,CON)

      Value  Global                              Global Defined In Module
      -----  --------------------------------   ------------------------
     00000004  acc16                              HW_INIT
     00000005  acc8                               HW_INIT
     00000006  ptr16                              HW_INIT
     00000008  flags                              HW_INIT

ASxxxx Linker V03.00 + NoICE + sdld,  page 5.
Hexadecimal  [32-Bits]

Area                                    Addr        Size        Decimal Bytes (Attributes)
--------------------------------        ----        ----        ------- ----- ------------
DATA3                               00000000    00000EA6 =        3750. bytes (ABS,CON)

      Value  Global                              Global Defined In Module
      -----  --------------------------------   ------------------------
ASxxxx Linker V03.00 + NoICE + sdld,  page 6.
Hexadecimal  [32-Bits]

Area                                    Addr        Size        Decimal Bytes (Attributes)
--------------------------------        ----        ----        ------- ----- ------------
CODE                                00008080    000014B5 =        5301. bytes (REL,CON)

      Value  Global                              Global Defined In Module
      -----  --------------------------------   ------------------------
     00008204  strlen                             HW_INIT
     0000820F  strcmp                             HW_INIT
     0000821E  strcpy                             HW_INIT
     0000822E  move                               HW_INIT
     0000827D  is_alpha                           HW_INIT
     0000828E  is_digit                           HW_INIT
     00008297  is_hex_digit                       HW_INIT
     000082A5  is_alnum                           HW_INIT
     00008E00  uart_putc                          HW_INIT
     00008E2C  qgetc                              HW_INIT
     00008E2C  uart_qgetc                         HW_INIT
     00008E32  getc                               HW_INIT
     00008E32  uart_getc                          HW_INIT

ASxxxx Linker V03.00 + NoICE + sdld,  page 7.

Files Linked                              [ module(s) ]

build/stm8_term.rel                       [ HW_INIT ]

ASxxxx Linker V03.00 + NoICE + sdld,  page 8.

User Base Address Definitions

HOME = 0x8000
DATA = 0x0001

